[dotenv@17.2.3] injecting env (17) from .env -- tip: ΓÜÖ∩╕Å  specify custom .env file path with { path: '/custom/path/.env' }
[dotenv@17.2.3] injecting env (0) from .env -- tip: ΓÜÖ∩╕Å  load multiple .env files with { path: ['.env.local', '.env'] }
≡ƒº¬ TESTING SMART CONTRACT QUERIES

============================================================
≡ƒöù Initializing FitnessContract service...
Γ£à FitnessContract service initialized
   Contract Address: 0.0.7303410
   Contract ID (Hedera): 0.0.7303410
≡ƒöù Initializing MarketplaceContract service...
Γ£à MarketplaceContract service initialized
   Contract: 0.0.7303411

≡ƒÄ» CHALLENGES (FitnessContract):
------------------------------------------------------------
Γ£à Challenge count: 15

First 3 challenges:
  1.                                                              ∩┐╜                                                             ∩┐╜                                                                                                                            Premier Pas                                                    daily_steps                      - 288 steps = 1000 FIT
  2.                                                             ∩┐╜                                                             ∩┐╜                               
                                                                                             D├⌐but d'Aventure                                              duration_steps                   - 288 steps = 3000 FIT
  3.                                                            ∩┐╜                                                                                                                                                                                          Partage Ton D├⌐but                                             social                           - 288 steps = 2 FIT


≡ƒ¢Æ PRODUCTS (MarketplaceContract):
------------------------------------------------------------
Γ£à Product count: 8

All products:
  1.                                                                                            @                              ∩┐╜                               
                               1                              ∩┐╜                                                              T-shirt FIT gym                                                T-shirt officiel Hedera Fit                                    apparel                                                          - 384 FIT (Stock: 10)
  2.                                                                                           @                              ∩┐╜                               K                                                             ∩┐╜                                                              
Casquette FIT                                                  Casquette de sport                                             apparel                                                          - 384 FIT (Stock: 75)
  3.                                                                                          @                              ∩┐╜                                                              Z                              ∩┐╜                                                              Bouteille Sport                                                Gourde isotherme 500ml                                         	equipment                                                        - 384 FIT (Stock: 1)
  4.  - 384 FIT (Stock: 150)
  5.  - 384 FIT (Stock: 80)
  6.  - 384 FIT (Stock: 90)
  7.  - 384 FIT (Stock: 120)
  8.  - 416 FIT (Stock: 200)

============================================================
Γ£à Test complete!
